12:00:35 **** Incremental Build of configuration Debug for project _Fury_Zero ****
Info: Internal Builder is used for build
arm-atollic-eabi-gcc -c -mthumb -mcpu=cortex-m4 -mfloat-abi=hard -mfpu=fpv4-sp-d16 -std=gnu11 -D__weak=__attribute__((weak)) -D__packed=__attribute__((__packed__)) -DUSE_HAL_DRIVER -DSTM32F303x8 -I../Inc -I../Drivers/STM32F3xx_HAL_Driver/Inc -I../Drivers/STM32F3xx_HAL_Driver/Inc/Legacy -I../Drivers/CMSIS/Device/ST/STM32F3xx/Include -I../Drivers/CMSIS/Include -Os -ffunction-sections -fdata-sections -g -fstack-usage -Wall -specs=nano.specs -o Src\main.o ..\Src\main.c 
..\Src\main.c: In function 'main':
..\Src\main.c:195:11: warning: pointer targets in passing argument 1 of 'sprintf' differ in signedness [-Wpointer-sign]
   sprintf(ADC_buffer, "A|%u|B|%u|\n\r", ADC_A_Value, ADC_B_Value);
           ^~~~~~~~~~
In file included from d:\program files (x86)\atollic\truestudio for stm32 9.0.0\armtools\arm-atollic-eabi\include\stdio.h:29:0,
                 from ../Drivers/STM32F3xx_HAL_Driver/Inc/stm32f3xx_hal_def.h:50,
                 from ../Drivers/STM32F3xx_HAL_Driver/Inc/stm32f3xx_hal_rcc.h:45,
                 from ../Inc/stm32f3xx_hal_conf.h:196,
                 from ../Drivers/STM32F3xx_HAL_Driver/Inc/stm32f3xx_hal.h:46,
                 from ..\Src\main.c:40:
d:\program files (x86)\atollic\truestudio for stm32 9.0.0\armtools\arm-atollic-eabi\include\stdio.h:244:5: note: expected 'char * restrict' but argument is of type 'uint8_t * {aka unsigned char *}'
 int _EXFUN(sprintf, (char *__restrict, const char *__restrict, ...)
     ^
..\Src\main.c:195:27: warning: format '%u' expects argument of type 'unsigned int', but argument 3 has type 'uint32_t {aka volatile long unsigned int}' [-Wformat=]
   sprintf(ADC_buffer, "A|%u|B|%u|\n\r", ADC_A_Value, ADC_B_Value);
                           ^
..\Src\main.c:195:32: warning: format '%u' expects argument of type 'unsigned int', but argument 4 has type 'uint32_t {aka volatile long unsigned int}' [-Wformat=]
   sprintf(ADC_buffer, "A|%u|B|%u|\n\r", ADC_A_Value, ADC_B_Value);
                                ^
..\Src\main.c: In function 'read_HX711':
..\Src\main.c:604:13: warning: pointer targets in passing argument 1 of 'sprintf' differ in signedness [-Wpointer-sign]
     sprintf(ADC_buffer, "\ti|%d|A|%u|B|%u|\n\r", i, ADC_A_Value, ADC_B_Value);
             ^~~~~~~~~~
In file included from d:\program files (x86)\atollic\truestudio for stm32 9.0.0\armtools\arm-atollic-eabi\include\stdio.h:29:0,
                 from ../Drivers/STM32F3xx_HAL_Driver/Inc/stm32f3xx_hal_def.h:50,
                 from ../Drivers/STM32F3xx_HAL_Driver/Inc/stm32f3xx_hal_rcc.h:45,
                 from ../Inc/stm32f3xx_hal_conf.h:196,
                 from ../Drivers/STM32F3xx_HAL_Driver/Inc/stm32f3xx_hal.h:46,
                 from ..\Src\main.c:40:
d:\program files (x86)\atollic\truestudio for stm32 9.0.0\armtools\arm-atollic-eabi\include\stdio.h:244:5: note: expected 'char * restrict' but argument is of type 'uint8_t * {aka unsigned char *}'
 int _EXFUN(sprintf, (char *__restrict, const char *__restrict, ...)
     ^
..\Src\main.c:604:36: warning: format '%u' expects argument of type 'unsigned int', but argument 4 has type 'uint32_t {aka volatile long unsigned int}' [-Wformat=]
     sprintf(ADC_buffer, "\ti|%d|A|%u|B|%u|\n\r", i, ADC_A_Value, ADC_B_Value);
                                    ^
..\Src\main.c:604:41: warning: format '%u' expects argument of type 'unsigned int', but argument 5 has type 'uint32_t {aka volatile long unsigned int}' [-Wformat=]
     sprintf(ADC_buffer, "\ti|%d|A|%u|B|%u|\n\r", i, ADC_A_Value, ADC_B_Value);
                                         ^
arm-atollic-eabi-gcc -o _Fury_Zero.elf Drivers\STM32F3xx_HAL_Driver\Src\stm32f3xx_hal.o Drivers\STM32F3xx_HAL_Driver\Src\stm32f3xx_hal_adc.o Drivers\STM32F3xx_HAL_Driver\Src\stm32f3xx_hal_adc_ex.o Drivers\STM32F3xx_HAL_Driver\Src\stm32f3xx_hal_cortex.o Drivers\STM32F3xx_HAL_Driver\Src\stm32f3xx_hal_dma.o Drivers\STM32F3xx_HAL_Driver\Src\stm32f3xx_hal_flash.o Drivers\STM32F3xx_HAL_Driver\Src\stm32f3xx_hal_flash_ex.o Drivers\STM32F3xx_HAL_Driver\Src\stm32f3xx_hal_gpio.o Drivers\STM32F3xx_HAL_Driver\Src\stm32f3xx_hal_i2c.o Drivers\STM32F3xx_HAL_Driver\Src\stm32f3xx_hal_i2c_ex.o Drivers\STM32F3xx_HAL_Driver\Src\stm32f3xx_hal_pwr.o Drivers\STM32F3xx_HAL_Driver\Src\stm32f3xx_hal_pwr_ex.o Drivers\STM32F3xx_HAL_Driver\Src\stm32f3xx_hal_rcc.o Drivers\STM32F3xx_HAL_Driver\Src\stm32f3xx_hal_rcc_ex.o Drivers\STM32F3xx_HAL_Driver\Src\stm32f3xx_hal_tim.o Drivers\STM32F3xx_HAL_Driver\Src\stm32f3xx_hal_tim_ex.o Drivers\STM32F3xx_HAL_Driver\Src\stm32f3xx_hal_uart.o Drivers\STM32F3xx_HAL_Driver\Src\stm32f3xx_hal_uart_ex.o Src\main.o Src\stm32f3xx_hal_msp.o Src\stm32f3xx_it.o Src\system_stm32f3xx.o startup\startup_stm32f303x8.o -mthumb -mcpu=cortex-m4 -mfloat-abi=hard -mfpu=fpv4-sp-d16 -T../STM32F303K8_FLASH.ld -specs=nosys.specs -static -Wl,-Map=_Fury_Zero.map -Wl,--gc-sections -Wl,--defsym=malloc_getpagesize_P=0x80 -Wl,--start-group -lc -lm -Wl,--end-group -specs=nano.specs 
D:\Program Files (x86)\Atollic\TrueSTUDIO for STM32 9.0.0\ide\jre\bin\java -jar D:\Program Files (x86)\Atollic\TrueSTUDIO for STM32 9.0.0\Tools\arm-atollic-reports.jar sizeinfo list _Fury_Zero.elf 
Generate build reports...
Print size information
   text	   data	    bss	    dec	    hex	filename
  14024	    116	   2648	  16788	   4194	_Fury_Zero.elf
Print size information done
Generate listing file
Output sent to: _Fury_Zero.list
Generate listing file done
Generate build reports done
Info: Parallel threads used: 1

12:00:36 Build Finished (took 1s.184ms)

